// Jest Snapshot v1, https://goo.gl/fbAQLP

exports[`Home component renders Home 1`] = `
<DocumentFragment>
  <div
    class="homeContainer"
  >
    <img
      alt="Jena Lux Boehm - Software Engineer"
      class="homeGraphic"
      height="90%"
      src="/path/image"
      width="90%"
    />
  </div>
</DocumentFragment>
`;
