// Jest Snapshot v1, https://goo.gl/fbAQLP

exports[`Portfolio component renders Portfolio 1`] = `
<DocumentFragment>
  <div
    class="portfolioContainer"
  >
    Portfolio
  </div>
</DocumentFragment>
`;
